[saintanthonytrust.com/index.html]
[backblue.gif]
[fade.gif]
[index.html]
[saintanthonytrust.com/index-2.html]
[saintanthonytrust.com/images/logo.jpg]
[saintanthonytrust.com/enquiry.html]
[saintanthonytrust.com/images/fb.jpg]
[saintanthonytrust.com/images/twit.jpg]
[saintanthonytrust.com/images/in.jpg]
[saintanthonytrust.com/images/home.png]
[saintanthonytrust.com/about_us.html]
[saintanthonytrust.com/why_us.html]
[saintanthonytrust.com/our_works.html]
[saintanthonytrust.com/suggestions.html]
[saintanthonytrust.com/faq.html]
[saintanthonytrust.com/vision.html]
[saintanthonytrust.com/donors.html]
[saintanthonytrust.com/contact.html]
[maxcdn.bootstrapcdn.com/bootstrap/3.4.1/css/bootstrap.min.css]
[ajax.googleapis.com/ajax/libs/jquery/3.5.1/jquery.min.js]
[maxcdn.bootstrapcdn.com/bootstrap/3.4.1/js/bootstrap.min.js]
[saintanthonytrust.com/images/banner-home.jpg]
[saintanthonytrust.com/images/Orphans.jpg]
[saintanthonytrust.com/images/Orphans 1.jpg]
[saintanthonytrust.com/images/home-img1.jpg]
[saintanthonytrust.com/images/cont-img1.jpg]
[saintanthonytrust.com/images/cont-img_2.jpg]
[saintanthonytrust.com/images/cont-img_3.jpg]
[saintanthonytrust.com/index.html]
[saintanthonytrust.com/css/style.css]
[saintanthonytrust.com/index-2.html]
[saintanthonytrust.com/jquery.1a.delayed]
[saintanthonytrust.com/images/banner_cont.jpg]
[saintanthonytrust.com/enquiry.html]
[saintanthonytrust.com/images/banner-about.jpg]
[saintanthonytrust.com/images/about-img3.jpg]
[saintanthonytrust.com/images/about-img2.jpg]
[saintanthonytrust.com/about_us.html]
[saintanthonytrust.com/images/banner_why.jpg]
[saintanthonytrust.com/images/why-img2.jpg]
[saintanthonytrust.com/why_us.html]
[saintanthonytrust.com/images/banner.jpg]
[saintanthonytrust.com/images/ourwrk.jpg]
[saintanthonytrust.com/images/home-img2.jpg]
[saintanthonytrust.com/our_works.html]
[saintanthonytrust.com/images/banner_suggestion.jpg]
[saintanthonytrust.com/images/succ-img1.jpg]
[saintanthonytrust.com/suggestions.html]
[saintanthonytrust.com/images/banner_faq.jpg]
[saintanthonytrust.com/images/faq-img1.jpg]
[saintanthonytrust.com/faq.html]
[saintanthonytrust.com/images/banner_vis1.jpg]
[saintanthonytrust.com/images/vs-img1.jpg]
[saintanthonytrust.com/vision.html]
[saintanthonytrust.com/images/banner-doners.jpg]
[saintanthonytrust.com/donors.html]
[saintanthonytrust.com/images/swalflogo.jpg]
[saintanthonytrust.com/images/contect-img1.jpg]
[saintanthonytrust.com/contact.html]
[maxcdn.bootstrapcdn.com/bootstrap/3.4.1/css/bootstrap.min.css]
[saintanthonytrust.com/jquery.html]
[v3hyundai.com/images/ajax-loader.html]
